[start] sweep/lr1e-05_lam0  00:40  --finetune_lr 1e-05 --lambda_haversine 0.0 --max_train 20000 --max_val 3000 --head_epochs 2 --finetune_epochs 3 --no_preds
[done] sweep/lr1e-05_lam0 23 min  val geoscore=1897 median=1668 km
[start] sweep/lr1e-05_lam0.1  01:03  --finetune_lr 1e-05 --lambda_haversine 0.1 --max_train 20000 --max_val 3000 --head_epochs 2 --finetune_epochs 3 --no_preds
[done] sweep/lr1e-05_lam0.1 23 min  val geoscore=1929 median=1592 km
[start] sweep/lr1e-05_lam0.5  01:26  --finetune_lr 1e-05 --lambda_haversine 0.5 --max_train 20000 --max_val 3000 --head_epochs 2 --finetune_epochs 3 --no_preds
[done] sweep/lr1e-05_lam0.5 55 min  val geoscore=1934 median=1536 km
[start] sweep/lr3e-05_lam0  02:20  --finetune_lr 3e-05 --lambda_haversine 0.0 --max_train 20000 --max_val 3000 --head_epochs 2 --finetune_epochs 3 --no_preds
[done] sweep/lr3e-05_lam0 101 min  val geoscore=2229 median=1131 km
[start] sweep/lr3e-05_lam0.1  04:01  --finetune_lr 3e-05 --lambda_haversine 0.1 --max_train 20000 --max_val 3000 --head_epochs 2 --finetune_epochs 3 --no_preds
[done] sweep/lr3e-05_lam0.1 101 min  val geoscore=2283 median=1048 km
[start] sweep/lr3e-05_lam0.5  05:42  --finetune_lr 3e-05 --lambda_haversine 0.5 --max_train 20000 --max_val 3000 --head_epochs 2 --finetune_epochs 3 --no_preds
[done] sweep/lr3e-05_lam0.5 101 min  val geoscore=2276 median=1075 km
[start] sweep/lr0.0001_lam0  07:23  --finetune_lr 0.0001 --lambda_haversine 0.0 --max_train 20000 --max_val 3000 --head_epochs 2 --finetune_epochs 3 --no_preds
[done] sweep/lr0.0001_lam0 101 min  val geoscore=2517 median=847 km
[start] sweep/lr0.0001_lam0.1  09:04  --finetune_lr 0.0001 --lambda_haversine 0.1 --max_train 20000 --max_val 3000 --head_epochs 2 --finetune_epochs 3 --no_preds
[done] sweep/lr0.0001_lam0.1 13 min  val geoscore=2556 median=835 km
[start] sweep/lr0.0001_lam0.5  09:17  --finetune_lr 0.0001 --lambda_haversine 0.5 --max_train 20000 --max_val 3000 --head_epochs 2 --finetune_epochs 3 --no_preds
[done] sweep/lr0.0001_lam0.5 8 min  val geoscore=2567 median=847 km
[sweep best] finetune_lr=0.0001 lambda=0.5 geoscore=2567
[start] q500_main  09:25  --cell_column cell_q500 --finetune_lr 0.0001 --lambda_haversine 0.5
